<!doctype html>
<html lang="en">
<head>
    <meta charset="UTF-8">
    <title>Document</title>
</head>
<body>
<!-- angular -->
<script src="test/fixtures/another.js" type="text/javascript"></script>
<script src="test/fixtures/yet-another.js" type="text/javascript"></script>
<script src="test/fixtures/no-deps.js" type="text/javascript"></script>
<script src="test/fixtures/module.js" type="text/javascript"></script>
<script src="test/fixtures/module-controller.js" type="text/javascript"></script>
<script src="test/fixtures/dep-on-non-declared.js" type="text/javascript"></script>
<script src="test/fixtures/circular3.js" type="text/javascript"></script>
<script src="test/fixtures/circular2.js" type="text/javascript"></script>
<script src="test/fixtures/circular.js" type="text/javascript"></script>
<script src="test/fixtures/another-factory.js" type="text/javascript"></script>
<!-- endangular -->

</body>
</html>